22028
17027
29891
35436
24049
12041
34790
9226
25728
9226
17027
8359
24117
19619
12132
17780
6730
7961
7961
9226
16034
15243
17848
11378
13718
12041
12132
21147
16514
8359
15487
6730
10670
28661
6730
16034
13718
22607
